ls: gabba: No such file or directory
